2026-03-07 18:55:11,313 - INFO - MobileNetV2 Embedder for Deep Sort initialised
2026-03-07 18:55:11,313 - INFO - - gpu enabled: False
2026-03-07 18:55:11,314 - INFO - - half precision: False
2026-03-07 18:55:11,314 - INFO - - max batch size: 16
2026-03-07 18:55:11,314 - INFO - - expects BGR: True
2026-03-07 18:55:11,418 - INFO - DeepSort Tracker initialised
2026-03-07 18:55:11,418 - INFO - - max age: 45
2026-03-07 18:55:11,418 - INFO - - appearance threshold: 0.3
2026-03-07 18:55:11,418 - INFO - - nms threshold: OFF
2026-03-07 18:55:11,418 - INFO - - max num of appearance features: 20
2026-03-07 18:55:11,419 - INFO - - overriding track class : No
2026-03-07 18:55:11,419 - INFO - - today given : No
2026-03-07 18:55:11,434 - INFO - - in-build embedder : Yes
2026-03-07 18:55:11,435 - INFO - - polygon detections : No
2026-03-07 18:55:11,458 - INFO - [LSTM] MotionLSTM завантажено | obs=20 pred=30
2026-03-07 18:55:11,458 - INFO - Models loaded successfully. MotionLSTM: ON
2026-03-07 18:55:11,501 - INFO - Starting processing: 346 frames | LSTM: ON
2026-03-07 18:56:38,519 - WARNING - [FRAME 60] NEW ACCIDENT | ID=5 | SCORE=0.96
2026-03-07 18:56:38,701 - INFO - [VideoBuffer] Тригер на кадрі 60
2026-03-07 18:56:38,703 - CRITICAL - [ACCIDENT SAVED] Frame 60 | Vehicles: 1 | Severity: CRITICAL | Saved photo: E:\personalproject\bachelor\logs\fragments\accidents\accident_20260307_185638_522455_frame60.jpg | Saved video: None
2026-03-07 18:56:38,703 - INFO - Telegram notification sent:
2026-03-07 18:56:40,204 - INFO - [FRAME 61] CONFIRMED ACCIDENT | ID=5 | SCORE=0.95
2026-03-07 18:56:41,576 - INFO - [FRAME 62] CONFIRMED ACCIDENT | ID=5 | SCORE=0.95
2026-03-07 18:56:42,981 - INFO - [FRAME 63] CONFIRMED ACCIDENT | ID=5 | SCORE=0.95
2026-03-07 18:56:44,591 - INFO - [FRAME 64] CONFIRMED ACCIDENT | ID=5 | SCORE=0.95
2026-03-07 18:56:46,222 - INFO - [FRAME 65] CONFIRMED ACCIDENT | ID=5 | SCORE=0.94
2026-03-07 18:56:47,812 - INFO - [FRAME 66] CONFIRMED ACCIDENT | ID=5 | SCORE=0.94
2026-03-07 18:56:49,140 - INFO - [FRAME 67] CONFIRMED ACCIDENT | ID=5 | SCORE=0.96
2026-03-07 18:56:50,332 - INFO - [FRAME 68] CONFIRMED ACCIDENT | ID=5 | SCORE=0.95
2026-03-07 18:56:51,537 - INFO - [FRAME 69] CONFIRMED ACCIDENT | ID=5 | SCORE=0.96
2026-03-07 18:56:53,010 - INFO - [FRAME 70] CONFIRMED ACCIDENT | ID=5 | SCORE=0.96
2026-03-07 18:56:54,600 - INFO - [FRAME 71] CONFIRMED ACCIDENT | ID=5 | SCORE=0.96
2026-03-07 18:56:55,926 - INFO - [FRAME 72] CONFIRMED ACCIDENT | ID=5 | SCORE=0.95
2026-03-07 18:56:57,195 - INFO - [FRAME 73] CONFIRMED ACCIDENT | ID=5 | SCORE=0.93
2026-03-07 18:56:58,417 - INFO - [FRAME 74] CONFIRMED ACCIDENT | ID=5 | SCORE=0.92
2026-03-07 18:56:59,792 - INFO - [FRAME 75] CONFIRMED ACCIDENT | ID=5 | SCORE=0.94
2026-03-07 18:57:01,522 - INFO - [FRAME 76] CONFIRMED ACCIDENT | ID=5 | SCORE=0.95
2026-03-07 18:57:03,217 - INFO - [FRAME 77] CONFIRMED ACCIDENT | ID=5 | SCORE=0.93
2026-03-07 18:57:04,966 - INFO - [FRAME 78] CONFIRMED ACCIDENT | ID=5 | SCORE=0.91
2026-03-07 18:57:06,367 - INFO - [FRAME 79] CONFIRMED ACCIDENT | ID=5 | SCORE=0.94
2026-03-07 18:57:07,835 - INFO - [FRAME 80] CONFIRMED ACCIDENT | ID=5 | SCORE=0.91
2026-03-07 18:57:09,185 - INFO - [FRAME 81] CONFIRMED ACCIDENT | ID=5 | SCORE=0.91
2026-03-07 18:57:10,485 - INFO - [FRAME 82] CONFIRMED ACCIDENT | ID=5 | SCORE=0.91
2026-03-07 18:57:11,763 - INFO - [FRAME 83] CONFIRMED ACCIDENT | ID=5 | SCORE=0.94
2026-03-07 18:57:13,052 - INFO - [FRAME 84] CONFIRMED ACCIDENT | ID=5 | SCORE=0.96
2026-03-07 18:57:14,339 - INFO - [FRAME 85] CONFIRMED ACCIDENT | ID=5 | SCORE=0.96
2026-03-07 18:57:15,609 - INFO - [FRAME 86] CONFIRMED ACCIDENT | ID=5 | SCORE=0.97
2026-03-07 18:57:16,845 - INFO - [FRAME 87] CONFIRMED ACCIDENT | ID=5 | SCORE=0.97
2026-03-07 18:57:18,106 - INFO - [FRAME 88] CONFIRMED ACCIDENT | ID=5 | SCORE=0.96
2026-03-07 18:57:19,335 - INFO - [FRAME 89] CONFIRMED ACCIDENT | ID=5 | SCORE=0.97
2026-03-07 18:57:20,828 - INFO - [FRAME 90] CONFIRMED ACCIDENT | ID=5 | SCORE=0.95
2026-03-07 18:57:22,119 - INFO - [FRAME 91] CONFIRMED ACCIDENT | ID=5 | SCORE=0.92
2026-03-07 18:57:22,161 - CRITICAL - [ACCIDENT SAVED] Frame 91 | Vehicles: 2 | Severity: CRITICAL | Saved photo: E:\personalproject\bachelor\logs\fragments\accidents\accident_20260307_185722_122453_frame91.jpg | Saved video: None
2026-03-07 18:57:22,161 - INFO - Telegram notification sent:
2026-03-07 18:57:23,823 - INFO - [FRAME 92] CONFIRMED ACCIDENT | ID=5 | SCORE=0.90
2026-03-07 18:57:25,255 - INFO - [FRAME 93] CONFIRMED ACCIDENT | ID=5 | SCORE=0.81
2026-03-07 18:57:26,667 - INFO - [FRAME 94] CONFIRMED ACCIDENT | ID=5 | SCORE=0.90
2026-03-07 18:57:27,959 - INFO - [FRAME 95] CONFIRMED ACCIDENT | ID=5 | SCORE=0.81
2026-03-07 18:57:29,241 - INFO - [FRAME 96] CONFIRMED ACCIDENT | ID=5 | SCORE=0.94
2026-03-07 18:57:30,764 - INFO - [FRAME 97] CONFIRMED ACCIDENT | ID=5 | SCORE=0.96
2026-03-07 18:57:32,138 - INFO - [FRAME 98] CONFIRMED ACCIDENT | ID=5 | SCORE=0.96
2026-03-07 18:57:33,404 - INFO - [FRAME 99] CONFIRMED ACCIDENT | ID=5 | SCORE=0.83
2026-03-07 18:57:34,798 - INFO - [FRAME 100] CONFIRMED ACCIDENT | ID=5 | SCORE=0.87
2026-03-07 18:57:36,006 - INFO - [FRAME 101] CONFIRMED ACCIDENT | ID=5 | SCORE=0.82
2026-03-07 18:57:37,238 - INFO - [FRAME 102] CONFIRMED ACCIDENT | ID=5 | SCORE=0.81
2026-03-07 18:57:38,595 - INFO - [FRAME 103] CONFIRMED ACCIDENT | ID=5 | SCORE=0.90
2026-03-07 18:57:40,334 - INFO - [FRAME 104] CONFIRMED ACCIDENT | ID=5 | SCORE=0.86
2026-03-07 18:57:41,958 - INFO - [FRAME 105] CONFIRMED ACCIDENT | ID=5 | SCORE=0.97
2026-03-07 18:57:43,510 - INFO - [FRAME 106] CONFIRMED ACCIDENT | ID=5 | SCORE=0.94
2026-03-07 18:57:45,145 - INFO - [FRAME 107] CONFIRMED ACCIDENT | ID=5 | SCORE=0.98
2026-03-07 18:57:46,451 - INFO - [FRAME 108] CONFIRMED ACCIDENT | ID=5 | SCORE=0.97
2026-03-07 18:57:47,677 - INFO - [FRAME 109] CONFIRMED ACCIDENT | ID=5 | SCORE=0.98
2026-03-07 18:57:49,175 - INFO - [FRAME 110] CONFIRMED ACCIDENT | ID=5 | SCORE=0.99
2026-03-07 18:57:50,430 - INFO - [FRAME 111] CONFIRMED ACCIDENT | ID=5 | SCORE=0.99
2026-03-07 18:57:51,655 - INFO - [FRAME 112] CONFIRMED ACCIDENT | ID=5 | SCORE=1.00
2026-03-07 18:57:52,961 - INFO - [FRAME 113] CONFIRMED ACCIDENT | ID=5 | SCORE=1.00
2026-03-07 18:57:54,207 - INFO - [FRAME 114] CONFIRMED ACCIDENT | ID=5 | SCORE=1.00
2026-03-07 18:57:55,484 - INFO - [FRAME 115] CONFIRMED ACCIDENT | ID=5 | SCORE=0.99
2026-03-07 18:57:56,783 - INFO - [FRAME 116] CONFIRMED ACCIDENT | ID=5 | SCORE=1.00
2026-03-07 18:57:58,757 - INFO - [FRAME 117] CONFIRMED ACCIDENT | ID=5 | SCORE=0.99
2026-03-07 18:58:00,574 - INFO - [FRAME 118] CONFIRMED ACCIDENT | ID=5 | SCORE=1.00
2026-03-07 18:58:02,570 - INFO - [FRAME 119] CONFIRMED ACCIDENT | ID=5 | SCORE=1.00
2026-03-07 18:58:04,185 - INFO - [FRAME 120] CONFIRMED ACCIDENT | ID=5 | SCORE=1.00
2026-03-07 18:58:05,506 - INFO - [FRAME 121] CONFIRMED ACCIDENT | ID=5 | SCORE=1.00
2026-03-07 18:58:06,694 - INFO - [FRAME 122] CONFIRMED ACCIDENT | ID=5 | SCORE=1.00
2026-03-07 18:58:06,744 - CRITICAL - [ACCIDENT SAVED] Frame 122 | Vehicles: 3 | Severity: CRITICAL | Saved photo: E:\personalproject\bachelor\logs\fragments\accidents\accident_20260307_185806_697453_frame122.jpg | Saved video: None
2026-03-07 18:58:06,744 - INFO - Telegram notification sent:
2026-03-07 18:58:08,246 - INFO - [FRAME 123] CONFIRMED ACCIDENT | ID=5 | SCORE=1.00
2026-03-07 18:58:10,213 - INFO - [FRAME 124] CONFIRMED ACCIDENT | ID=5 | SCORE=1.00
2026-03-07 18:58:12,103 - INFO - [FRAME 125] CONFIRMED ACCIDENT | ID=5 | SCORE=1.00
2026-03-07 18:58:13,816 - INFO - [FRAME 126] CONFIRMED ACCIDENT | ID=5 | SCORE=1.00
2026-03-07 18:58:15,237 - INFO - [FRAME 127] CONFIRMED ACCIDENT | ID=5 | SCORE=1.00
2026-03-07 18:58:16,489 - INFO - [FRAME 128] CONFIRMED ACCIDENT | ID=5 | SCORE=1.00
2026-03-07 18:58:17,639 - INFO - [FRAME 129] CONFIRMED ACCIDENT | ID=5 | SCORE=1.00
2026-03-07 18:58:18,941 - INFO - [FRAME 130] CONFIRMED ACCIDENT | ID=5 | SCORE=0.99
2026-03-07 18:58:20,304 - INFO - [FRAME 131] CONFIRMED ACCIDENT | ID=5 | SCORE=1.00
2026-03-07 18:58:21,597 - INFO - [FRAME 132] CONFIRMED ACCIDENT | ID=5 | SCORE=1.00
2026-03-07 18:58:22,869 - INFO - [FRAME 133] CONFIRMED ACCIDENT | ID=5 | SCORE=1.00
2026-03-07 18:58:24,198 - INFO - [FRAME 134] CONFIRMED ACCIDENT | ID=5 | SCORE=0.99
2026-03-07 18:58:25,364 - INFO - [FRAME 135] CONFIRMED ACCIDENT | ID=5 | SCORE=1.00
2026-03-07 18:58:26,744 - INFO - [FRAME 136] CONFIRMED ACCIDENT | ID=5 | SCORE=0.99
2026-03-07 18:58:27,903 - INFO - [FRAME 137] CONFIRMED ACCIDENT | ID=5 | SCORE=1.00
2026-03-07 18:58:52,899 - WARNING - [FRAME 156] NEW ACCIDENT | ID=3 | SCORE=0.93
2026-03-07 18:58:52,942 - CRITICAL - [ACCIDENT SAVED] Frame 156 | Vehicles: 2 | Severity: CRITICAL | Saved photo: E:\personalproject\bachelor\logs\fragments\accidents\accident_20260307_185852_902453_frame156.jpg | Saved video: None
2026-03-07 18:58:52,942 - INFO - Telegram notification sent:
2026-03-07 18:58:54,610 - INFO - [FRAME 157] CONFIRMED ACCIDENT | ID=3 | SCORE=0.95
2026-03-07 18:58:56,276 - INFO - [FRAME 158] CONFIRMED ACCIDENT | ID=3 | SCORE=0.92
2026-03-07 18:58:58,151 - INFO - [FRAME 159] CONFIRMED ACCIDENT | ID=3 | SCORE=0.89
2026-03-07 18:59:00,255 - INFO - [FRAME 160] CONFIRMED ACCIDENT | ID=3 | SCORE=0.94
2026-03-07 18:59:02,152 - INFO - [FRAME 161] CONFIRMED ACCIDENT | ID=3 | SCORE=0.96
2026-03-07 18:59:03,405 - INFO - [FRAME 162] CONFIRMED ACCIDENT | ID=3 | SCORE=0.86
2026-03-07 18:59:04,662 - INFO - [FRAME 163] CONFIRMED ACCIDENT | ID=3 | SCORE=0.87
2026-03-07 18:59:05,752 - INFO - [FRAME 164] CONFIRMED ACCIDENT | ID=3 | SCORE=0.75
2026-03-07 18:59:06,877 - INFO - [FRAME 165] CONFIRMED ACCIDENT | ID=3 | SCORE=0.57
2026-03-07 18:59:08,305 - INFO - [FRAME 166] CONFIRMED ACCIDENT | ID=3 | SCORE=0.33
2026-03-07 19:03:07,420 - INFO - Processing finished. Output: E:\personalproject\bachelor\logs\fragments\result.mp4
